// Jest Snapshot v1, https://goo.gl/fbAQLP

exports[`renders correctly 1`] = `
<RCTSafeAreaView
  emulateUnlessSupported={true}
  style={
    Object {
      "alignItems": "center",
      "backgroundColor": "#fff",
      "flex": 1,
      "justifyContent": "center",
    }
  }
>
  <View
    collapsable={false}
    onGestureHandlerEvent={[Function]}
    onGestureHandlerStateChange={[Function]}
    onLayout={[Function]}
    style={
      Object {
        "overflow": "hidden",
      }
    }
  >
    <View
      collapsable={false}
      onGestureHandlerEvent={[Function]}
      onGestureHandlerStateChange={[Function]}
      pointerEvents="auto"
      style={
        Object {
          "transform": Array [
            Object {
              "translateX": -0,
            },
          ],
        }
      }
    >
      <Text>
        hello mate
      </Text>
    </View>
  </View>
</RCTSafeAreaView>
`;
